// Jest Snapshot v1, https://goo.gl/fbAQLP

exports[`Main display component snapshot render Artist 1`] = `
<DocumentFragment>
  <h1>
    name
  </h1>
  <p>
    country
  </p>
</DocumentFragment>
`;
