// Jest Snapshot v1, https://goo.gl/fbAQLP

exports[`Main display component snapshot render ArtistList 1`] = `
<DocumentFragment>
  <h1>
    No results found
  </h1>
</DocumentFragment>
`;
