// Jest Snapshot v1, https://goo.gl/fbAQLP

exports[`Release component snapshot render Release 1`] = `
<DocumentFragment>
  <img
    alt="title"
    src=""
  />
  <h1>
    title
  </h1>
  <p>
    date
  </p>
</DocumentFragment>
`;
